// Jest Snapshot v1, https://goo.gl/fbAQLP

exports[`VerseLayout Component does not change unexpectedly 1`] = `
<div
  className="verse-layout-wrap"
>
  <h2>
    John
  </h2>
  <h3>
    Chapter:
     
    1
     
    Verse:
     
     
  </h3>
  <div>
    <span />
     
    In the begining...
    <button
      className="move"
      onClick={[Function]}
      type="button"
    >
      <i
        className="fas fa-angle-right"
      />
    </button>
  </div>
  <button
    onClick={[Function]}
    type="button"
  >
    <span>
       Add to favourites
    </span>
    <i
      className="fas fa-star"
      style={
        Object {
          "color": "#e27c08",
          "marginLeft": 10,
        }
      }
    />
  </button>
</div>
`;
